# Tests that the nodes in the csv file are added to the graph

loaded graph small

small contains: c1 c2 c3