# Tests that duplicates in csv file are not added to the loaded graph

loaded graph smallWithDuplicates

smallWithDuplicates contains: c1 c2