# Create the graphs
created graph graph1
created graph graph2

# Add a node to each
added node n1 to graph1
added node n2 to graph2

# Print the children of the graphs
graph1 contains: n1
graph2 contains: n2