# Tests that path finding works properly when asked to find path between inexistent nodes

created graph g

unknown: p1
unknown: p2